// Jest Snapshot v1, https://goo.gl/fbAQLP

exports[`<People/> render snapshot <People/>  1`] = `
<main
  className="main-people"
>
  <Loader />
  <ToastContainer
    autoClose={5000}
    closeButton={[Function]}
    closeOnClick={true}
    draggable={true}
    draggableDirection="x"
    draggablePercent={80}
    hideProgressBar={false}
    newestOnTop={false}
    pauseOnFocusLoss={true}
    pauseOnHover={true}
    position="top-right"
    role="alert"
    rtl={false}
    transition={[Function]}
  />
  <Cards
    BodyComponent={[Function]}
    contenCards={
      Object {
        "isLoadedPeople": true,
      }
    }
    name="name"
    path="/people"
  />
</main>
`;
