// Jest Snapshot v1, https://goo.gl/fbAQLP

exports[`Test 'Header' component should component render 1`] = `
<header
  className="header"
>
  <div
    className="logo"
  >
     Star Wars
  </div>
  <nav
    className="nav"
  >
    <ul
      className="nav-list"
    >
      <li
        className="nav-list__item"
      >
        <NavLink
          className="nav-list__link"
          to="/"
        >
          <FaHome />
        </NavLink>
      </li>
      <li
        className="nav-list__item"
        key="People"
      >
        <NavLink
          activeClassName="selected"
          className="nav-list__link"
          exact={true}
          to="people"
        >
          People
        </NavLink>
      </li>
      <li
        className="nav-list__item"
        key="Planets"
      >
        <NavLink
          activeClassName="selected"
          className="nav-list__link"
          exact={true}
          to="planets"
        >
          Planets
        </NavLink>
      </li>
      <li
        className="nav-list__item"
        key="Starships"
      >
        <NavLink
          activeClassName="selected"
          className="nav-list__link"
          exact={true}
          to="starships"
        >
          Starships
        </NavLink>
      </li>
      <li
        className="nav-list__item"
        key="Films"
      >
        <NavLink
          activeClassName="selected"
          className="nav-list__link"
          exact={true}
          to="films"
        >
          Films
        </NavLink>
      </li>
      <li
        className="nav-list__item"
        key="Vehicles"
      >
        <NavLink
          activeClassName="selected"
          className="nav-list__link"
          exact={true}
          to="vehicles"
        >
          Vehicles
        </NavLink>
      </li>
      <li
        className="nav-list__item"
        key="Species"
      >
        <NavLink
          activeClassName="selected"
          className="nav-list__link"
          exact={true}
          to="species"
        >
          Species
        </NavLink>
      </li>
    </ul>
  </nav>
</header>
`;
